GotongRoyong berjalan di http://localhost:3000
Halaman publik  : http://localhost:3000/
Halaman admin   : http://localhost:3000/admin.html
Password admin  : admin123
WhatsApp terhubung sebagai 6283249084622
WhatsApp: menyambungkan ulang...
WhatsApp terhubung sebagai 6283249084622
WhatsApp: menyambungkan ulang...
WhatsApp terhubung sebagai 6283249084622
WhatsApp: menyambungkan ulang...
WhatsApp terhubung sebagai 6283249084622
WhatsApp: menyambungkan ulang...
WhatsApp terhubung sebagai 6283249084622
WhatsApp: menyambungkan ulang...
WhatsApp terhubung sebagai 6283249084622
WhatsApp: menyambungkan ulang...
WhatsApp terhubung sebagai 6283249084622
WhatsApp: menyambungkan ulang...
WhatsApp terhubung sebagai 6283249084622
WhatsApp: menyambungkan ulang...
WhatsApp terhubung sebagai 6283249084622
WhatsApp: menyambungkan ulang...
WhatsApp terhubung sebagai 6283249084622
WhatsApp: menyambungkan ulang...
WhatsApp: menyambungkan ulang...
WhatsApp: menyambungkan ulang...
WhatsApp: menyambungkan ulang...
WhatsApp: menyambungkan ulang...
WhatsApp: menyambungkan ulang...
WhatsApp: menyambungkan ulang...
WhatsApp: menyambungkan ulang...
WhatsApp: menyambungkan ulang...
WhatsApp: menyambungkan ulang...
WhatsApp: menyambungkan ulang...
WhatsApp: menyambungkan ulang...
WhatsApp: menyambungkan ulang...
WhatsApp: menyambungkan ulang...
WhatsApp: menyambungkan ulang...
WhatsApp: menyambungkan ulang...
WhatsApp: menyambungkan ulang...
WhatsApp: menyambungkan ulang...
WhatsApp: menyambungkan ulang...
WhatsApp: menyambungkan ulang...
WhatsApp: menyambungkan ulang...
WhatsApp: menyambungkan ulang...
WhatsApp: menyambungkan ulang...
WhatsApp: menyambungkan ulang...
WhatsApp: menyambungkan ulang...
WhatsApp: menyambungkan ulang...
WhatsApp: menyambungkan ulang...
WhatsApp: menyambungkan ulang...
WhatsApp: menyambungkan ulang...
WhatsApp: menyambungkan ulang...
WhatsApp: menyambungkan ulang...
WhatsApp: menyambungkan ulang...
WhatsApp: menyambungkan ulang...
WhatsApp: menyambungkan ulang...
WhatsApp: menyambungkan ulang...
WhatsApp: menyambungkan ulang...
WhatsApp: menyambungkan ulang...
WhatsApp: menyambungkan ulang...
WhatsApp: menyambungkan ulang...
WhatsApp: menyambungkan ulang...
WhatsApp: menyambungkan ulang...
WhatsApp: menyambungkan ulang...
WhatsApp: menyambungkan ulang...
WhatsApp: menyambungkan ulang...
WhatsApp: menyambungkan ulang...
WhatsApp: menyambungkan ulang...
WhatsApp: menyambungkan ulang...
WhatsApp: menyambungkan ulang...
WhatsApp: menyambungkan ulang...
WhatsApp: menyambungkan ulang...
WhatsApp: menyambungkan ulang...
WhatsApp: menyambungkan ulang...
WhatsApp: menyambungkan ulang...
WhatsApp: menyambungkan ulang...
WhatsApp: menyambungkan ulang...
WhatsApp: menyambungkan ulang...
WhatsApp: menyambungkan ulang...
WhatsApp: menyambungkan ulang...
WhatsApp: menyambungkan ulang...
WhatsApp: menyambungkan ulang...
WhatsApp: menyambungkan ulang...
WhatsApp: menyambungkan ulang...
WhatsApp: menyambungkan ulang...
WhatsApp: menyambungkan ulang...
WhatsApp: menyambungkan ulang...
WhatsApp: menyambungkan ulang...
WhatsApp: menyambungkan ulang...
WhatsApp: menyambungkan ulang...
WhatsApp: menyambungkan ulang...
WhatsApp: menyambungkan ulang...
WhatsApp: menyambungkan ulang...
WhatsApp: menyambungkan ulang...
WhatsApp: menyambungkan ulang...
WhatsApp: menyambungkan ulang...
WhatsApp: menyambungkan ulang...
WhatsApp: menyambungkan ulang...
WhatsApp: menyambungkan ulang...
WhatsApp: menyambungkan ulang...
WhatsApp: menyambungkan ulang...
WhatsApp: menyambungkan ulang...
WhatsApp: menyambungkan ulang...
WhatsApp: menyambungkan ulang...
WhatsApp: menyambungkan ulang...
WhatsApp: menyambungkan ulang...
WhatsApp: menyambungkan ulang...
WhatsApp: menyambungkan ulang...
WhatsApp: menyambungkan ulang...
WhatsApp: menyambungkan ulang...
WhatsApp: menyambungkan ulang...
WhatsApp: menyambungkan ulang...
WhatsApp: menyambungkan ulang...
WhatsApp: menyambungkan ulang...
WhatsApp: menyambungkan ulang...
WhatsApp: menyambungkan ulang...
WhatsApp: menyambungkan ulang...
WhatsApp: menyambungkan ulang...
WhatsApp: menyambungkan ulang...
WhatsApp: menyambungkan ulang...
WhatsApp: menyambungkan ulang...
WhatsApp terhubung sebagai 6283249084622
WhatsApp: menyambungkan ulang...
WhatsApp terhubung sebagai 6283249084622
mbungkan ulang...
WhatsApp: menyambungkan ulang...
WhatsApp: menyambungkan ulang...
WhatsApp: menyambungkan ulang...
WhatsApp: menyambungkan ulang...
WhatsApp: menyambungkan ulang...
WhatsApp: menyambungkan ulang...
WhatsApp: menyambungkan ulang...
WhatsApp: menyambungkan ulang...
WhatsApp: menyambungkan ulang...
WhatsApp: menyambungkan ulang...
WhatsApp: menyambungkan ulang...
WhatsApp: menyambungkan ulang...
WhatsApp: menyambungkan ulang...
WhatsApp: menyambungkan ulang...
WhatsApp: menyambungkan ulang...
WhatsApp: menyambungkan ulang...
WhatsApp: menyambungkan ulang...
WhatsApp: menyambungkan ulang...
WhatsApp: menyambungkan ulang...
WhatsApp: menyambungkan ulang...
WhatsApp: menyambungkan ulang...
WhatsApp: menyambungkan ulang...
WhatsApp: menyambungkan ulang...
WhatsApp: menyambungkan ulang...
WhatsApp: menyambungkan ulang...
WhatsApp: menyambungkan ulang...
WhatsApp: menyambungkan ulang...
WhatsApp: menyambungkan ulang...
WhatsApp: menyambungkan ulang...
WhatsApp: menyambungkan ulang...
WhatsApp: menyambungkan ulang...
WhatsApp: menyambungkan ulang...
WhatsApp: menyambungkan ulang...
WhatsApp: menyambungkan ulang...
WhatsApp: menyambungkan ulang...
WhatsApp: menyambungkan ulang...
WhatsApp: menyambungkan ulang...
WhatsApp: menyambungkan ulang...
WhatsApp: menyambungkan ulang...
WhatsApp: menyambungkan ulang...
WhatsApp: menyambungkan ulang...
WhatsApp: menyambungkan ulang...
WhatsApp: menyambungkan ulang...
WhatsApp: menyambungkan ulang...
WhatsApp: menyambungkan ulang...
WhatsApp: menyambungkan ulang...
WhatsApp: menyambungkan ulang...
WhatsApp: menyambungkan ulang...
WhatsApp: menyambungkan ulang...
WhatsApp: menyambungkan ulang...
WhatsApp: menyambungkan ulang...
WhatsApp: menyambungkan ulang...
WhatsApp: menyambungkan ulang...
WhatsApp: menyambungkan ulang...
WhatsApp: menyambungkan ulang...
WhatsApp: menyambungkan ulang...
WhatsApp: menyambungkan ulang...
WhatsApp: menyambungkan ulang...
WhatsApp: menyambungkan ulang...
WhatsApp: menyambungkan ulang...
WhatsApp: menyambungkan ulang...
WhatsApp: menyambungkan ulang...
WhatsApp: menyambungkan ulang...
WhatsApp: menyambungkan ulang...
WhatsApp: menyambungkan ulang...
WhatsApp: menyambungkan ulang...
WhatsApp: menyambungkan ulang...
WhatsApp: menyambungkan ulang...
WhatsApp: menyambungkan ulang...
WhatsApp: menyambungkan ulang...
WhatsApp terhubung sebagai 6283249084622
WhatsApp: menyambungkan ulang...
WhatsApp terhubung sebagai 6283249084622
WhatsApp: menyambungkan ulang...
WhatsApp terhubung sebagai 6283249084622
WhatsApp: menyambungkan ulang...
WhatsApp terhubung sebagai 6283249084622
WhatsApp: menyambungkan ulang...
WhatsApp terhubung sebagai 6283249084622
WhatsApp: menyambungkan ulang...
WhatsApp terhubung sebagai 6283249084622
WhatsApp: menyambungkan ulang...
WhatsApp terhubung sebagai 6283249084622
WhatsApp: menyambungkan ulang...
WhatsApp terhubung sebagai 6283249084622
WhatsApp: menyambungkan ulang...
WhatsApp terhubung sebagai 6283249084622
WhatsApp: menyambungkan ulang...
WhatsApp terhubung sebagai 6283249084622
WhatsApp: menyambungkan ulang...
WhatsApp terhubung sebagai 6283249084622
WhatsApp: menyambungkan ulang...
WhatsApp terhubung sebagai 6283249084622
WhatsApp: menyambungkan ulang...
WhatsApp terhubung sebagai 6283249084622
WhatsApp: menyambungkan ulang...
WhatsApp terhubung sebagai 6283249084622
WhatsApp: menyambungkan ulang...
WhatsApp terhubung sebagai 6283249084622
WhatsApp: menyambungkan ulang...
WhatsApp terhubung sebagai 6283249084622
WhatsApp: menyambungkan ulang...
WhatsApp terhubung sebagai 6283249084622
WhatsApp: menyambungkan ulang...
WhatsApp terhubung sebagai 6283249084622
WhatsApp: menyambungkan ulang...
WhatsApp terhubung sebagai 6283249084622
WhatsApp: menyambungkan ulang...
WhatsApp terhubung sebagai 6283249084622
WhatsApp: menyambungkan ulang...
WhatsApp terhubung sebagai 6283249084622
WhatsApp: menyambungkan ulang...
WhatsApp terhubung sebagai 6283249084622
WhatsApp: menyambungkan ulang...
WhatsApp terhubung sebagai 6283249084622
WhatsApp: menyambungkan ulang...
WhatsApp terhubung sebagai 6283249084622
WhatsApp: menyambungkan ulang...
WhatsApp terhubung sebagai 6283249084622
WhatsApp: menyambungkan ulang...
WhatsApp terhubung sebagai 6283249084622
WhatsApp: menyambungkan ulang...
WhatsApp terhubung sebagai 6283249084622
WhatsApp: menyambungkan ulang...
WhatsApp terhubung sebagai 6283249084622
WhatsApp: menyambungkan ulang...
WhatsApp terhubung sebagai 6283249084622
WhatsApp: menyambungkan ulang...
WhatsApp terhubung sebagai 6283249084622
WhatsApp: menyambungkan ulang...
WhatsApp terhubung sebagai 6283249084622
